<ASERemoteVariant><arrval><strval>foo</strval><strval>foobar</strval><strval>baz</strval></arrval></ASERemoteVariant>
