9928000000000000244066666f6f62617228ee940ed6ffff5840
26
v 0 10
v 1 foobar
v 2 99.99999
true
26
