a11ca11a301809038001050c06666f6f626172090980d30c7fffeb074a77
v 0 10
v 1 foobar
v 2 99.99999
