ObjRef: o=0 s=0
ObjCRef: o=0 s=0
VRef: s=AA
VCRef: s=BBB
