testclass:
true
true
false
false
false
false
testinstance:
false
false
false
true
true
false
