1 d7fe 1
1 d7ff 1
1 d800 0
1 d801 0
1 dbfe 0
1 dbff 0
1 dc00 1
1 dc01 1
1 dffe 1
1 dfff 1
1 e000 1
1 e001 1
2 d7fe 1
2 d7ff 1
2 d800 1
2 d801 1
2 dbfe 1
2 dbff 1
2 dc00 0
2 dc01 0
2 dffe 0
2 dfff 0
2 e000 1
2 e001 1
