2 00007e 2
2 00007f 2
2 000080 0
2 000081 0
2 0007fe 0
2 0007ff 0
2 000800 2
2 000801 2
3 00007e 2
3 00007f 2
3 000080 2
3 000081 2
3 0007fe 2
3 0007ff 2
3 000800 0
3 000801 0
3 00d7fe 0
3 00d7ff 0
3 00d800 2
3 00d801 2
3 00dffe 2
3 00dfff 2
3 00e000 0
3 00e001 0
4 00007e 2
4 00007f 2
4 000080 2
4 000081 2
4 0007fe 2
4 0007ff 2
4 000800 2
4 000801 2
4 00d7fe 2
4 00d7ff 2
4 00d800 2
4 00d801 2
4 00dffe 2
4 00dfff 2
4 00e000 2
4 00e001 2
4 00fffe 2
4 00ffff 2
4 010000 0
4 010001 0
4 10fffe 0
4 10ffff 0
4 110000 2
4 110001 2
