17.0000
0.1974
0.5403
0.8415
2.3026
2.7183
12.0000
1.4142
2510.5890
