[ bar foo ]
[ barval fooval ]
{ bar: barval foo: fooval }
{ fooval: foo barval: bar }
