pop=97
[ 99 98 ]
[ 99 98 97 15 ]
shift=99
[ 98 97 ]
[ 15 99 98 97 ]
[ 30 20 10 ]
10:20:30
[ 20 40 60 ]
[ 300 90 31 ]
[ 300 90 31 ]
[ fubar foo baz bar ABCDE 99 0 ]
ABCD
[ 65 66 67 68 ]
sporig: [ 99 98 97 ]
spsrc: [ ]
spret: [ 99 98 97 ]
sporig: [ 99 98 97 ]
spsrc: [ 99 ]
spret: [ 98 97 ]
sporig: [ 99 98 97 ]
spsrc: [ 99 97 ]
spret: [ 98 ]
sporig: [ 99 98 97 ]
spsrc: [ 99 999 998 997 97 ]
spret: [ 98 ]
