61 62 63 64 65 66 0a
61 62 63 64 65 66
61 62 63 64 65 66
A
aa9TsAg8bf3eo
65535
6
0
abcdef
abCdEf
6
5
511
41
3042
fedcba
0
6
x=10 y=20
cd
cdef
cd
abABCDef
