3858f62230ac3c915f300c664312c63f
8843d7f92416211de9ebb963ff4ce28125932878
425980b11f70991f4249a68c754357d4
168197ca3a9d4fe60ede05116b0a125da1ab3bd0
