STORE[bar]
STORE[Xbar]
FETCH[XXbar]
FETCH[XXbar]
FETCH[XXbar]
FETCH[XXbar]
db[foo] = XXbar
