CallbackString x=foo y=bar z=baz
CallbackString r=baz
baz
