function (a, b) {
    return a + b;
}
function () {
    [native code]
}
r=40
