anon_a
arg1
anon_ul
underline
foo_a
arg1
foo_ul
underline
テスト_a
arg1
テスト_ul
underline
