あいうえお
3042 3044 3046 3048 304a
e3 81 82 e3 81 84 e3 81 86 e3 81 88 e3 81 8a
