k=[あ] v=[あval]
k=[bar] v=[barval]
k=[foo] v=[fooval]
k=[4] v=[999]
k=[1] v=[94]
k=[3] v=[abc]
k=[0] v=[12]
k=[2] v=[117]
