y=[5]
y=[undefined]
a1=[20]
a1=[undefined]
baz=[val-baz]
baz=[undefined]
