len=5
arr 10
arr 20
arr 30
arr 40
arr 50
x=this-is-propx y=20003
z=12500
