undefined
undefined
undefined
undefined
undefined
VAL: __proto__
VAL: __parent__
VAL: __count__
VAL: proto
VAL: __noSuchMethod__
