 (foo val-foo) (bar val-bar) (baz 15)
 (0 abc) (1 def) (2 ghi)
